▿ Node
  ▿ element: Element
    - name: "html"
    - attribs: 0 elements
    ▿ content: Optional<Array<Node>>
      ▿ some: 2 elements
        ▿ Node
          ▿ element: Element
            - name: "head"
            - attribs: 0 elements
            ▿ content: Optional<Array<Node>>
              ▿ some: 3 elements
                ▿ Node
                  ▿ element: Element
                    - name: "title"
                    - attribs: 0 elements
                    ▿ content: Optional<Array<Node>>
                      ▿ some: 1 element
                        ▿ Node
                          ▿ text: EncodedString
                            - string: "The Site Title"
                ▿ Node
                  ▿ element: Element
                    - name: "style"
                    - attribs: 0 elements
                    ▿ content: Optional<Array<Node>>
                      ▿ some: 1 element
                        ▿ Node
                          ▿ text: EncodedString
                            - string: "body{background:#f0f0f0}"
                ▿ Node
                  ▿ element: Element
                    - name: "script"
                    - attribs: 0 elements
                    ▿ content: Optional<Array<Node>>
                      ▿ some: 1 element
                        ▿ Node
                          ▿ text: EncodedString
                            - string: "alert(\"hello world!\")"
        ▿ Node
          ▿ element: Element
            - name: "body"
            ▿ attribs: 2 elements
              ▿ AnyAttribute
                - key: "class"
                - value: "home"
              ▿ AnyAttribute
                - key: "id"
                - value: "home"
            ▿ content: Optional<Array<Node>>
              ▿ some: 4 elements
                ▿ Node
                  ▿ element: Element
                    - name: "header"
                    ▿ attribs: 1 element
                      ▿ AnyAttribute
                        - key: "class"
                        - value: "site-header"
                    ▿ content: Optional<Array<Node>>
                      ▿ some: 3 elements
                        ▿ Node
                          ▿ element: Element
                            - name: "svg"
                            ▿ attribs: 3 elements
                              ▿ AnyAttribute
                                - key: "xmlns"
                                - value: "http://www.w3.org/2000/svg"
                              ▿ AnyAttribute
                                - key: "width"
                                - value: 100
                              ▿ AnyAttribute
                                - key: "height"
                                - value: 100
                            ▿ content: Optional<Array<Node>>
                              ▿ some: 1 element
                                ▿ Node
                                  ▿ text: EncodedString
                                    - string: "<circle cx=\"50\" cy=\"50\" r=\"40\" stroke=\"green\" stroke-width=\"4\" fill=\"yellow\" />"
                        ▿ Node
                          ▿ element: Element
                            - name: "a"
                            ▿ attribs: 1 element
                              ▿ AnyAttribute
                                - key: "href"
                                - value: "/home"
                            ▿ content: Optional<Array<Node>>
                              ▿ some: 1 element
                                ▿ Node
                                  ▿ text: EncodedString
                                    - string: "Home"
                        ▿ Node
                          ▿ element: Element
                            - name: "nav"
                            ▿ attribs: 1 element
                              ▿ AnyAttribute
                                - key: "class"
                                - value: "site-nav"
                            ▿ content: Optional<Array<Node>>
                              ▿ some: 1 element
                                ▿ Node
                                  ▿ element: Element
                                    - name: "div"
                                    - attribs: 0 elements
                                    ▿ content: Optional<Array<Node>>
                                      ▿ some: 2 elements
                                        ▿ Node
                                          ▿ element: Element
                                            - name: "a"
                                            ▿ attribs: 1 element
                                              ▿ AnyAttribute
                                                - key: "href"
                                                - value: "/episodes"
                                            ▿ content: Optional<Array<Node>>
                                              ▿ some: 1 element
                                                ▿ Node
                                                  ▿ text: EncodedString
                                                    - string: "Episodes"
                                        ▿ Node
                                          ▿ element: Element
                                            - name: "a"
                                            ▿ attribs: 1 element
                                              ▿ AnyAttribute
                                                - key: "href"
                                                - value: "/About"
                                            ▿ content: Optional<Array<Node>>
                                              ▿ some: 1 element
                                                ▿ Node
                                                  ▿ text: EncodedString
                                                    - string: "About"
                ▿ Node
                  ▿ element: Element
                    - name: "main"
                    ▿ attribs: 1 element
                      ▿ AnyAttribute
                        - key: "class"
                        - value: "page-content"
                    ▿ content: Optional<Array<Node>>
                      ▿ some: 2 elements
                        ▿ Node
                          ▿ element: Element
                            - name: "h1"
                            ▿ attribs: 1 element
                              ▿ AnyAttribute
                                - key: "class"
                                - value: "page-heading"
                            ▿ content: Optional<Array<Node>>
                              ▿ some: 1 element
                                ▿ Node
                                  ▿ element: Element
                                    - name: "ul"
                                    ▿ attribs: 1 element
                                      ▿ AnyAttribute
                                        - key: "class"
                                        - value: "episode-list"
                                    ▿ content: Optional<Array<Node>>
                                      ▿ some: 2 elements
                                        ▿ Node
                                          ▿ element: Element
                                            - name: "li"
                                            - attribs: 0 elements
                                            ▿ content: Optional<Array<Node>>
                                              ▿ some: 2 elements
                                                ▿ Node
                                                  ▿ element: Element
                                                    - name: "span"
                                                    ▿ attribs: 1 element
                                                      ▿ AnyAttribute
                                                        - key: "class"
                                                        - value: "episode-metadata"
                                                    ▿ content: Optional<Array<Node>>
                                                      ▿ some: 1 element
                                                        ▿ Node
                                                          ▿ text: EncodedString
                                                            - string: "April 27, 2017"
                                                ▿ Node
                                                  ▿ element: Element
                                                    - name: "h2"
                                                    - attribs: 0 elements
                                                    ▿ content: Optional<Array<Node>>
                                                      ▿ some: 1 element
                                                        ▿ Node
                                                          ▿ element: Element
                                                            - name: "a"
                                                            ▿ attribs: 1 element
                                                              ▿ AnyAttribute
                                                                - key: "href"
                                                                - value: "/episode/2"
                                                            ▿ content: Optional<Array<Node>>
                                                              ▿ some: 1 element
                                                                ▿ Node
                                                                  ▿ text: EncodedString
                                                                    - string: "Episode #2"
                                        ▿ Node
                                          ▿ element: Element
                                            - name: "li"
                                            - attribs: 0 elements
                                            ▿ content: Optional<Array<Node>>
                                              ▿ some: 2 elements
                                                ▿ Node
                                                  ▿ element: Element
                                                    - name: "span"
                                                    ▿ attribs: 1 element
                                                      ▿ AnyAttribute
                                                        - key: "class"
                                                        - value: "episode-metadata"
                                                    ▿ content: Optional<Array<Node>>
                                                      ▿ some: 1 element
                                                        ▿ Node
                                                          ▿ text: EncodedString
                                                            - string: "April 20, 2017"
                                                ▿ Node
                                                  ▿ element: Element
                                                    - name: "h2"
                                                    - attribs: 0 elements
                                                    ▿ content: Optional<Array<Node>>
                                                      ▿ some: 1 element
                                                        ▿ Node
                                                          ▿ element: Element
                                                            - name: "a"
                                                            ▿ attribs: 1 element
                                                              ▿ AnyAttribute
                                                                - key: "href"
                                                                - value: "/episode/1"
                                                            ▿ content: Optional<Array<Node>>
                                                              ▿ some: 1 element
                                                                ▿ Node
                                                                  ▿ text: EncodedString
                                                                    - string: "Episode #1"
                        ▿ Node
                          ▿ element: Element
                            - name: "p"
                            ▿ attribs: 1 element
                              ▿ AnyAttribute
                                - key: "class"
                                - value: "rss-subscribe"
                            ▿ content: Optional<Array<Node>>
                              ▿ some: 2 elements
                                ▿ Node
                                  ▿ text: EncodedString
                                    - string: "subscribe "
                                ▿ Node
                                  ▿ element: Element
                                    - name: "a"
                                    ▿ attribs: 1 element
                                      ▿ AnyAttribute
                                        - key: "href"
                                        - value: "/rss.xml"
                                    ▿ content: Optional<Array<Node>>
                                      ▿ some: 1 element
                                        ▿ Node
                                          ▿ text: EncodedString
                                            - string: "via RSS"
                ▿ Node
                  ▿ element: Element
                    - name: "footer"
                    ▿ attribs: 1 element
                      ▿ AnyAttribute
                        - key: "class"
                        - value: "site-footer"
                    ▿ content: Optional<Array<Node>>
                      ▿ some: 3 elements
                        ▿ Node
                          ▿ element: Element
                            - name: "h2"
                            - attribs: 0 elements
                            ▿ content: Optional<Array<Node>>
                              ▿ some: 1 element
                                ▿ Node
                                  ▿ text: EncodedString
                                    - string: "The Site"
                        ▿ Node
                          ▿ element: Element
                            - name: "ul"
                            - attribs: 0 elements
                            ▿ content: Optional<Array<Node>>
                              ▿ some: 3 elements
                                ▿ Node
                                  ▿ element: Element
                                    - name: "li"
                                    - attribs: 0 elements
                                    ▿ content: Optional<Array<Node>>
                                      ▿ some: 1 element
                                        ▿ Node
                                          ▿ element: Element
                                            - name: "a"
                                            ▿ attribs: 1 element
                                              ▿ AnyAttribute
                                                - key: "href"
                                                - value: "#"
                                            ▿ content: Optional<Array<Node>>
                                              ▿ some: 1 element
                                                ▿ Node
                                                  ▿ text: EncodedString
                                                    - string: "Contact us"
                                ▿ Node
                                  ▿ element: Element
                                    - name: "li"
                                    - attribs: 0 elements
                                    ▿ content: Optional<Array<Node>>
                                      ▿ some: 1 element
                                        ▿ Node
                                          ▿ element: Element
                                            - name: "a"
                                            ▿ attribs: 1 element
                                              ▿ AnyAttribute
                                                - key: "href"
                                                - value: "#"
                                            ▿ content: Optional<Array<Node>>
                                              ▿ some: 1 element
                                                ▿ Node
                                                  ▿ text: EncodedString
                                                    - string: "About"
                                ▿ Node
                                  ▿ element: Element
                                    - name: "li"
                                    - attribs: 0 elements
                                    ▿ content: Optional<Array<Node>>
                                      ▿ some: 1 element
                                        ▿ Node
                                          ▿ element: Element
                                            - name: "a"
                                            ▿ attribs: 1 element
                                              ▿ AnyAttribute
                                                - key: "href"
                                                - value: "#"
                                            ▿ content: Optional<Array<Node>>
                                              ▿ some: 1 element
                                                ▿ Node
                                                  ▿ text: EncodedString
                                                    - string: "Home"
                        ▿ Node
                          ▿ element: Element
                            - name: "form"
                            ▿ attribs: 3 elements
                              ▿ AnyAttribute
                                - key: "id"
                                - value: "newsletter-form"
                              ▿ AnyAttribute
                                - key: "action"
                                - value: "#"
                              ▿ AnyAttribute
                                - key: "method"
                                - value: Method.post
                            ▿ content: Optional<Array<Node>>
                              ▿ some: 4 elements
                                ▿ Node
                                  ▿ element: Element
                                    - name: "h4"
                                    - attribs: 0 elements
                                    ▿ content: Optional<Array<Node>>
                                      ▿ some: 1 element
                                        ▿ Node
                                          ▿ text: EncodedString
                                            - string: "Sign up for our newsletter!"
                                ▿ Node
                                  ▿ element: Element
                                    - name: "label"
                                    ▿ attribs: 1 element
                                      ▿ AnyAttribute
                                        - key: "for"
                                        - value: "email"
                                    ▿ content: Optional<Array<Node>>
                                      ▿ some: 1 element
                                        ▿ Node
                                          ▿ text: EncodedString
                                            - string: "Email: "
                                ▿ Node
                                  ▿ element: Element
                                    - name: "input"
                                    ▿ attribs: 4 elements
                                      ▿ AnyAttribute
                                        - key: "type"
                                        - value: InputType.text
                                      ▿ AnyAttribute
                                        - key: "name"
                                        - value: "email"
                                      ▿ AnyAttribute
                                        - key: "id"
                                        - value: "email"
                                      ▿ AnyAttribute
                                        - key: "value"
                                        - value: ""
                                    - content: Optional<Array<Node>>.none
                                ▿ Node
                                  ▿ element: Element
                                    - name: "input"
                                    ▿ attribs: 2 elements
                                      ▿ AnyAttribute
                                        - key: "type"
                                        - value: InputType.submit
                                      ▿ AnyAttribute
                                        - key: "value"
                                        - value: "Submit"
                                    - content: Optional<Array<Node>>.none
                ▿ Node
                  ▿ element: Element
                    - name: "script"
                    - attribs: 0 elements
                    ▿ content: Optional<Array<Node>>
                      ▿ some: 1 element
                        ▿ Node
                          ▿ text: EncodedString
                            - string: "/* google analytics */"
