▿ Step
  ResponseEnded

▿ Request
  GET /

  (Data, 0 bytes)

▿ Response
  Status 200 OK
  Content-Length: 19
  Content-Type: text/html; charset=utf8
  Set-Cookie: Domain=www.pointfree.co; HttpOnly; Secure; foo=bar
  Set-Cookie: Domain=www.pointfree.co; foo=bar
  Set-Cookie: Expires=Fri, 13 Feb 2009 23:31:30 GMT; foo=bar
  Set-Cookie: HttpOnly; foo=bar
  Set-Cookie: Max-Age=3600; foo=bar
  Set-Cookie: Path=/path/to/some/where; foo=bar
  Set-Cookie: SameSite=Lax; foo=bar
  Set-Cookie: SameSite=String; foo=bar
  Set-Cookie: Secure; foo=bar

  <p>Hello, world</p>
